// Jest Snapshot v1, https://goo.gl/fbAQLP

exports[`InputFormat Component Input Format Snapshot Validation 1`] = `
<View
  style={
    {
      "marginTop": 20,
    }
  }
>
  <Text
    onPress={[Function]}
  >
    testing component
  </Text>
  <TextInput
    defaultValue="HH:MM"YYYY"
    onChangeText={[Function]}
  />
</View>
`;
